// Jest Snapshot v1, https://goo.gl/fbAQLP

exports[`<Main /> should render the heading 1`] = `
<main
  class="styles__Wrapper-sc-dzx1ao-0 gCdecB"
>
  <h1
    class="styles__Title-sc-dzx1ao-1 dBmDTj"
  >
    Boilerplate
  </h1>
  <h2
    class="styles__Description-sc-dzx1ao-2 gHNNiy"
  >
    A template from a project using NextJs
  </h2>
</main>
`;
